Simulations per scenario: 5000 (Monte Carlo SE at most 0.7 points).

### T1. Power to detect a loss (exact sign-flip test, chain-run units), s_u = 1.0, independent runs

Cell: one-sided alpha 0.10 / two-sided alpha 0.05, in %.

| baseline | loss | R=1 | R=2 | R=3 | R=4 | R=5 | R=6 | R=7 | R=8 | R=9 | R=10 |
|---|---|---|---|---|---|---|---|---|---|---|---|
| 60% | 5 | 3 / 0 | 11 / 2 | 15 / 4 | 18 / 6 | 20 / 7 | 23 / 7 | 25 / 8 | 27 / 9 | 30 / 11 | 32 / 12 |
| 60% | 10 | 4 / 0 | 21 / 4 | 29 / 10 | 36 / 14 | 43 / 17 | 48 / 22 | 53 / 25 | 58 / 30 | 62 / 34 | 67 / 38 |
| 60% | 20 | 12 / 0 | 47 / 16 | 65 / 35 | 77 / 48 | 85 / 60 | 91 / 71 | 94 / 79 | 96 / 85 | 98 / 90 | 99 / 93 |
| 75% | 5 | 2 / 0 | 11 / 2 | 16 / 4 | 20 / 6 | 23 / 8 | 26 / 9 | 29 / 10 | 30 / 11 | 32 / 12 | 35 / 14 |
| 75% | 10 | 3 / 0 | 21 / 3 | 32 / 10 | 39 / 15 | 46 / 20 | 52 / 26 | 57 / 31 | 62 / 35 | 67 / 39 | 71 / 44 |
| 75% | 20 | 10 / 0 | 49 / 15 | 69 / 36 | 80 / 52 | 88 / 64 | 92 / 75 | 96 / 83 | 97 / 88 | 98 / 92 | 99 / 95 |
| 90% | 5 | 1 / 0 | 10 / 1 | 18 / 4 | 23 / 6 | 28 / 9 | 32 / 11 | 36 / 14 | 39 / 16 | 42 / 18 | 46 / 20 |
| 90% | 10 | 3 / 0 | 22 / 4 | 37 / 12 | 49 / 21 | 57 / 29 | 65 / 37 | 72 / 45 | 77 / 51 | 81 / 57 | 85 / 63 |
| 90% | 20 | 10 / 0 | 57 / 17 | 77 / 47 | 88 / 66 | 94 / 79 | 97 / 87 | 98 / 93 | 99 / 96 | 100 / 98 | 100 / 99 |

### T2. Heterogeneity: power (sign-flip, one-sided 0.10) at R = 3 / 5 / 10, by instruction SD

| baseline | loss | s_u 0.5 | s_u 1.0 | s_u 1.5 |
|---|---|---|---|---|
| 60% | 5 | 16 / 20 / 30 | 15 / 20 / 32 | 15 / 21 / 33 |
| 60% | 10 | 27 / 40 / 61 | 29 / 43 / 67 | 30 / 45 / 69 |
| 60% | 20 | 62 / 82 / 98 | 65 / 85 / 99 | 70 / 89 / 99 |
| 75% | 5 | 15 / 21 / 31 | 16 / 23 / 35 | 17 / 24 / 36 |
| 75% | 10 | 28 / 42 / 67 | 32 / 46 / 71 | 33 / 49 / 75 |
| 75% | 20 | 65 / 85 / 98 | 69 / 88 / 99 | 73 / 91 / 99 |
| 90% | 5 | 17 / 26 / 43 | 18 / 28 / 46 | 18 / 29 / 48 |
| 90% | 10 | 37 / 56 / 82 | 37 / 57 / 85 | 40 / 60 / 86 |
| 90% | 20 | 76 / 93 / 100 | 77 / 94 / 100 | 83 / 96 / 100 |

### T3. False-positive rate with no true loss (should be 5% two-sided, 10% one-sided)

Cell: R = 3 / 6 / 10. McNemar pools instructions and ignores clustering; sign-flip uses chain-run units.

| model | McNemar 2-sided 0.05 | McNemar 1-sided 0.10 | sign-flip 2-sided 0.05 | sign-flip 1-sided 0.10 |
|---|---|---|---|---|
| main, s_u 0.5, baseline 75% | 4 / 4 / 5 | 7 / 9 / 10 | 2 / 3 / 4 | 6 / 8 / 9 |
| main, s_u 1.0, baseline 75% | 4 / 3 / 5 | 7 / 8 / 9 | 2 / 3 / 4 | 6 / 7 / 8 |
| main, s_u 1.5, baseline 75% | 2 / 4 / 4 | 6 / 8 / 9 | 1 / 3 / 3 | 5 / 7 / 8 |
| main, s_u 1.0, baseline 60% | 4 / 4 / 5 | 7 / 9 / 9 | 2 / 3 / 4 | 7 / 7 / 8 |
| main, s_u 1.0, baseline 90% | 2 / 3 / 3 | 5 / 7 / 8 | 1 / 2 / 3 | 4 / 6 / 7 |
| no chain-run effect (s_v 0) | 2 / 3 / 3 | 6 / 6 / 7 | 2 / 3 / 3 | 6 / 6 / 7 |
| chain-run SD 1.0 | 6 / 6 / 7 | 9 / 10 / 11 | 2 / 3 / 4 | 6 / 7 / 8 |
| carry-over 1.0 | 6 / 7 / 8 | 9 / 11 / 11 | 2 / 4 / 4 | 6 / 8 / 8 |
| forked | 3 / 3 / 4 | 7 / 8 / 9 | 2 / 3 / 4 | 6 / 7 / 8 |
| forked + carry-over | 5 / 6 / 6 | 9 / 9 / 11 | 2 / 3 / 4 | 6 / 7 / 7 |

### T4. McNemar (pooled instructions) power for comparison, one-sided 0.10, s_u 1.0, R = 3 / 5 / 10

| baseline | loss 5 | loss 10 | loss 20 |
|---|---|---|---|
| 60% | 17 / 23 / 34 | 33 / 46 / 69 | 70 / 88 / 99 |
| 75% | 19 / 25 / 38 | 35 / 49 / 74 | 74 / 90 / 99 |
| 90% | 20 / 31 / 48 | 42 / 60 / 86 | 82 / 95 / 100 |

### T5. Non-inferiority: P(conclude 'restart not worse by more than M'), one-sided 0.10, s_u 1.0

Upper rows: true loss 0 (power). Lower rows: true loss = M (size; should be <= 10%).

| baseline | true loss | M | R=1 | R=2 | R=3 | R=4 | R=5 | R=6 | R=7 | R=8 | R=9 | R=10 |
|---|---|---|---|---|---|---|---|---|---|---|---|---|
| 60% | 0 | 5 | 18 | 18 | 21 | 24 | 26 | 29 | 30 | 31 | 33 | 35 |
| 60% | 0 | 10 | 22 | 30 | 38 | 44 | 49 | 54 | 59 | 63 | 67 | 70 |
| 60% | 0 | 15 | 30 | 45 | 56 | 67 | 73 | 79 | 84 | 88 | 90 | 93 |
| 60% | 0 | 20 | 41 | 59 | 74 | 84 | 90 | 94 | 96 | 98 | 99 | 99 |
| 75% | 0 | 5 | 20 | 20 | 24 | 26 | 28 | 31 | 34 | 37 | 38 | 40 |
| 75% | 0 | 10 | 24 | 34 | 42 | 50 | 56 | 62 | 68 | 72 | 76 | 79 |
| 75% | 0 | 15 | 32 | 52 | 65 | 75 | 82 | 87 | 90 | 93 | 95 | 96 |
| 75% | 0 | 20 | 48 | 67 | 82 | 90 | 94 | 97 | 98 | 99 | 99 | 100 |
| 90% | 0 | 5 | 37 | 24 | 35 | 37 | 41 | 44 | 49 | 53 | 54 | 57 |
| 90% | 0 | 10 | 40 | 51 | 60 | 72 | 78 | 84 | 87 | 90 | 92 | 94 |
| 90% | 0 | 15 | 45 | 73 | 85 | 92 | 95 | 97 | 98 | 99 | 99 | 100 |
| 90% | 0 | 20 | 72 | 87 | 95 | 98 | 99 | 100 | 100 | 100 | 100 | 100 |
| 60% | 5 | 5 | 12 | 9 | 10 | 11 | 10 | 10 | 10 | 10 | 10 | 10 |
| 60% | 10 | 10 | 10 | 10 | 9 | 10 | 10 | 10 | 10 | 9 | 9 | 9 |
| 60% | 15 | 15 | 9 | 10 | 10 | 10 | 9 | 9 | 10 | 10 | 10 | 10 |
| 60% | 20 | 20 | 11 | 10 | 10 | 10 | 11 | 10 | 11 | 11 | 11 | 11 |
| 75% | 5 | 5 | 13 | 10 | 10 | 10 | 10 | 10 | 10 | 10 | 9 | 10 |
| 75% | 10 | 10 | 10 | 10 | 9 | 10 | 10 | 10 | 10 | 10 | 10 | 10 |
| 75% | 15 | 15 | 9 | 10 | 10 | 11 | 11 | 11 | 11 | 11 | 11 | 11 |
| 75% | 20 | 20 | 11 | 9 | 10 | 10 | 11 | 10 | 11 | 11 | 11 | 12 |
| 90% | 5 | 5 | 21 | 9 | 12 | 11 | 11 | 11 | 11 | 12 | 12 | 12 |
| 90% | 10 | 10 | 14 | 12 | 12 | 13 | 13 | 13 | 13 | 13 | 14 | 14 |
| 90% | 15 | 15 | 9 | 12 | 12 | 12 | 13 | 13 | 14 | 14 | 15 | 16 |
| 90% | 20 | 20 | 15 | 13 | 13 | 14 | 15 | 16 | 16 | 17 | 17 | 17 |

### T6. Sensitivity at baseline 75%, s_u 1.0: power (sign-flip one-sided 0.10) and NI power (M = 15, true loss 0), R = 3 / 5 / 10

| model | loss 10 | loss 20 | NI M=15 | NI M=10 | SD of the loss estimate at R=5 (points, loss 0) |
|---|---|---|---|---|---|
| main (s_v 0.5, independent) | 32 / 46 / 71 | 69 / 88 / 99 | 65 / 82 / 96 | 42 / 56 / 79 | 6.8 |
| no chain-run effect | 32 / 48 / 74 | 72 / 91 / 100 | 68 / 85 / 98 | 45 / 61 / 82 | 6.3 |
| chain-run SD 1.0 | 28 / 39 / 62 | 61 / 81 / 97 | 58 / 75 / 93 | 38 / 50 / 71 | 7.6 |
| carry-over 1.0 | 27 / 40 / 63 | 60 / 81 / 97 | 58 / 75 / 93 | 39 / 51 / 72 | 7.8 |
| forked at the boundary | 32 / 47 / 73 | 71 / 90 / 99 | 67 / 83 / 97 | 45 / 58 / 79 | 6.7 |
| forked + carry-over | 28 / 42 / 66 | 64 / 84 / 98 | 60 / 77 / 94 | 40 / 52 / 75 | 7.2 |

### T7. Smallest loss detected with 80% power (sign-flip, one-sided 0.10), s_u 1.0, points (linear interpolation over losses 5/10/15/20/30)

| design | baseline | R=1 | R=2 | R=3 | R=4 | R=5 | R=6 | R=7 | R=8 | R=9 | R=10 |
|---|---|---|---|---|---|---|---|---|---|---|---|
| independent | 60% | >30 | >30 | 26 | 21 | 19 | 17 | 15 | 14 | 14 | 13 |
| independent | 75% | >30 | >30 | 25 | 20 | 18 | 16 | 14 | 14 | 13 | 12 |
| independent | 90% | >30 | 28 | 21 | 17 | 14 | 13 | 12 | 11 | 10 | 9 |
| forked | 60% | >30 | 30 | 25 | 20 | 18 | 16 | 15 | 14 | 13 | 13 |
| forked | 75% | >30 | >30 | 24 | 19 | 17 | 15 | 14 | 13 | 12 | 12 |
| forked | 90% | >30 | 28 | 20 | 17 | 14 | 13 | 11 | 10 | 10 | 9 |

### T8. Two-look stopping rule (looks at R = 3 and 6, NI and harm each at one-sided 0.05 per look), baseline 75%, s_u 1.0

Cell: P(non-inferior) / P(harm found) / P(inconclusive), %, and mean replicates used.


independent runs, looks 3/6:

| true loss | M = 10 | M = 15 | M = 20 |
|---|---|---|---|
| 0 | 52 / 5 / 44, R̄ 5.1 | 79 / 5 / 16, R̄ 4.4 | 93 / 4 / 3, R̄ 3.8 |
| 5 | 24 / 19 / 58, R̄ 5.4 | 50 / 18 / 32, R̄ 4.9 | 74 / 16 / 10, R̄ 4.3 |
| 10 | 8 / 41 / 51, R̄ 5.3 | 24 / 41 / 35, R̄ 5.1 | 48 / 38 / 14, R̄ 4.6 |
| 15 | 2 / 67 / 31, R̄ 4.9 | 9 / 67 / 24, R̄ 4.8 | 24 / 63 / 13, R̄ 4.6 |
| 20 | 0 / 87 / 13, R̄ 4.4 | 2 / 86 / 11, R̄ 4.4 | 8 / 85 / 7, R̄ 4.3 |
| 30 | 0 / 99 / 1, R̄ 3.5 | 0 / 99 / 1, R̄ 3.5 | 0 / 99 / 1, R̄ 3.4 |

independent runs, looks 4/8:

| true loss | M = 10 | M = 15 | M = 20 |
|---|---|---|---|
| 0 | 62 / 6 / 33, R̄ 6.5 | 87 / 5 / 7, R̄ 5.5 | 96 / 4 / 1, R̄ 4.6 |
| 5 | 27 / 23 / 50, R̄ 6.9 | 58 / 22 / 20, R̄ 6.2 | 81 / 17 / 3, R̄ 5.3 |
| 10 | 8 / 52 / 40, R̄ 6.8 | 27 / 50 / 23, R̄ 6.4 | 53 / 43 / 4, R̄ 5.6 |
| 15 | 2 / 79 / 19, R̄ 6.1 | 8 / 78 / 14, R̄ 6.0 | 25 / 72 / 4, R̄ 5.6 |
| 20 | 0 / 95 / 5, R̄ 5.3 | 2 / 94 / 4, R̄ 5.3 | 8 / 91 / 2, R̄ 5.1 |
| 30 | 0 / 100 / 0, R̄ 4.2 | 0 / 100 / 0, R̄ 4.2 | 0 / 100 / 0, R̄ 4.2 |

independent runs, looks 3/5:

| true loss | M = 10 | M = 15 | M = 20 |
|---|---|---|---|
| 0 | 46 / 5 / 49, R̄ 4.4 | 72 / 5 / 23, R̄ 4.0 | 89 / 4 / 6, R̄ 3.5 |
| 5 | 22 / 16 / 62, R̄ 4.6 | 45 / 16 / 39, R̄ 4.3 | 69 / 15 / 17, R̄ 3.9 |
| 10 | 8 / 36 / 56, R̄ 4.5 | 22 / 35 / 43, R̄ 4.4 | 44 / 34 / 22, R̄ 4.1 |
| 15 | 2 / 59 / 38, R̄ 4.3 | 9 / 59 / 32, R̄ 4.2 | 23 / 58 / 20, R̄ 4.0 |
| 20 | 0 / 80 / 20, R̄ 4.0 | 2 / 79 / 18, R̄ 3.9 | 8 / 78 / 14, R̄ 3.9 |
| 30 | 0 / 98 / 2, R̄ 3.3 | 0 / 98 / 2, R̄ 3.3 | 0 / 98 / 2, R̄ 3.3 |

forked, looks 3/6:

| true loss | M = 10 | M = 15 | M = 20 |
|---|---|---|---|
| 0 | 53 / 5 / 42, R̄ 5.0 | 80 / 5 / 15, R̄ 4.3 | 93 / 4 / 3, R̄ 3.8 |
| 5 | 26 / 17 / 57, R̄ 5.3 | 53 / 17 / 30, R̄ 4.8 | 78 / 15 / 8, R̄ 4.3 |
| 10 | 8 / 43 / 49, R̄ 5.3 | 25 / 42 / 33, R̄ 5.0 | 49 / 38 / 13, R̄ 4.6 |
| 15 | 2 / 69 / 28, R̄ 4.9 | 9 / 69 / 23, R̄ 4.8 | 24 / 65 / 11, R̄ 4.5 |
| 20 | 0 / 89 / 11, R̄ 4.3 | 3 / 89 / 9, R̄ 4.3 | 9 / 86 / 5, R̄ 4.2 |
| 30 | 0 / 100 / 0, R̄ 3.4 | 0 / 100 / 0, R̄ 3.4 | 1 / 99 / 0, R̄ 3.4 |

forked, looks 4/8:

| true loss | M = 10 | M = 15 | M = 20 |
|---|---|---|---|
| 0 | 64 / 5 / 30, R̄ 6.4 | 88 / 5 / 7, R̄ 5.4 | 96 / 3 / 0, R̄ 4.6 |
| 5 | 29 / 22 / 49, R̄ 6.9 | 63 / 20 / 17, R̄ 6.1 | 83 / 16 / 2, R̄ 5.2 |
| 10 | 8 / 54 / 39, R̄ 6.8 | 28 / 51 / 20, R̄ 6.4 | 55 / 42 / 3, R̄ 5.6 |
| 15 | 2 / 82 / 17, R̄ 6.0 | 9 / 80 / 11, R̄ 5.9 | 26 / 72 / 2, R̄ 5.4 |
| 20 | 0 / 96 / 4, R̄ 5.2 | 2 / 95 / 3, R̄ 5.2 | 8 / 91 / 1, R̄ 5.0 |
| 30 | 0 / 100 / 0, R̄ 4.2 | 0 / 100 / 0, R̄ 4.2 | 0 / 100 / 0, R̄ 4.2 |

forked, looks 3/5:

| true loss | M = 10 | M = 15 | M = 20 |
|---|---|---|---|
| 0 | 49 / 5 / 47, R̄ 4.4 | 75 / 4 / 21, R̄ 3.9 | 90 / 4 / 6, R̄ 3.5 |
| 5 | 24 / 15 / 61, R̄ 4.6 | 48 / 15 / 37, R̄ 4.2 | 72 / 13 / 15, R̄ 3.9 |
| 10 | 8 / 36 / 56, R̄ 4.5 | 23 / 36 / 41, R̄ 4.4 | 45 / 34 / 22, R̄ 4.1 |
| 15 | 2 / 62 / 36, R̄ 4.3 | 9 / 61 / 30, R̄ 4.2 | 22 / 59 / 19, R̄ 4.0 |
| 20 | 0 / 83 / 17, R̄ 3.9 | 3 / 82 / 15, R̄ 3.9 | 9 / 81 / 11, R̄ 3.8 |
| 30 | 0 / 99 / 1, R̄ 3.3 | 0 / 99 / 1, R̄ 3.3 | 1 / 98 / 1, R̄ 3.3 |

### T9. Calibration check (main, s_u 1.0, R = 10): simulated pass rates and discordance

| baseline | loss | arm a | arm b | discordant share | mean loss estimate |
|---|---|---|---|---|---|
| 60% | 0 | 60.0 | 60.0 | 39.1 | 0.0 |
| 60% | 5 | 60.2 | 55.2 | 39.8 | 5.0 |
| 60% | 10 | 60.0 | 49.9 | 40.9 | 10.1 |
| 60% | 20 | 59.9 | 40.0 | 43.2 | 19.9 |
| 75% | 0 | 74.9 | 75.0 | 31.5 | -0.0 |
| 75% | 5 | 75.1 | 69.9 | 33.3 | 5.1 |
| 75% | 10 | 75.2 | 65.1 | 35.4 | 10.1 |
| 75% | 20 | 75.1 | 55.2 | 40.1 | 19.9 |
| 90% | 0 | 90.1 | 90.0 | 16.0 | 0.1 |
| 90% | 5 | 90.1 | 85.0 | 19.4 | 5.1 |
| 90% | 10 | 90.0 | 80.0 | 23.0 | 10.0 |
| 90% | 20 | 90.0 | 70.2 | 30.2 | 19.7 |
